Archive member included because of file (symbol)

c:/program files (x86)/gnu tools arm embedded/4.7 2013q3/bin/../lib/gcc/arm-none-eabi/4.7.4/../../../../arm-none-eabi/lib/armv7e-m/fpu\libc.a(lib_a-printf.o)
                              ..\obj\06_ADC.o (printf)
c:/program files (x86)/gnu tools arm embedded/4.7 2013q3/bin/../lib/gcc/arm-none-eabi/4.7.4/../../../../arm-none-eabi/lib/armv7e-m/fpu\libc.a(lib_a-vfprintf.o)
                              c:/program files (x86)/gnu tools arm embedded/4.7 2013q3/bin/../lib/gcc/arm-none-eabi/4.7.4/../../../../arm-none-eabi/lib/armv7e-m/fpu\libc.a(lib_a-printf.o) (_vfprintf_r)
c:/program files (x86)/gnu tools arm embedded/4.7 2013q3/bin/../lib/gcc/arm-none-eabi/4.7.4/../../../../arm-none-eabi/lib/armv7e-m/fpu\libc.a(lib_a-wsetup.o)
                              c:/program files (x86)/gnu tools arm embedded/4.7 2013q3/bin/../lib/gcc/arm-none-eabi/4.7.4/../../../../arm-none-eabi/lib/armv7e-m/fpu\libc.a(lib_a-vfprintf.o) (__swsetup_r)
c:/program files (x86)/gnu tools arm embedded/4.7 2013q3/bin/../lib/gcc/arm-none-eabi/4.7.4/../../../../arm-none-eabi/lib/armv7e-m/fpu\libc.a(lib_a-dtoa.o)
                              c:/program files (x86)/gnu tools arm embedded/4.7 2013q3/bin/../lib/gcc/arm-none-eabi/4.7.4/../../../../arm-none-eabi/lib/armv7e-m/fpu\libc.a(lib_a-vfprintf.o) (_dtoa_r)
c:/program files (x86)/gnu tools arm embedded/4.7 2013q3/bin/../lib/gcc/arm-none-eabi/4.7.4/../../../../arm-none-eabi/lib/armv7e-m/fpu\libc.a(lib_a-fflush.o)
                              c:/program files (x86)/gnu tools arm embedded/4.7 2013q3/bin/../lib/gcc/arm-none-eabi/4.7.4/../../../../arm-none-eabi/lib/armv7e-m/fpu\libc.a(lib_a-vfprintf.o) (_fflush_r)
c:/program files (x86)/gnu tools arm embedded/4.7 2013q3/bin/../lib/gcc/arm-none-eabi/4.7.4/../../../../arm-none-eabi/lib/armv7e-m/fpu\libc.a(lib_a-findfp.o)
                              c:/program files (x86)/gnu tools arm embedded/4.7 2013q3/bin/../lib/gcc/arm-none-eabi/4.7.4/../../../../arm-none-eabi/lib/armv7e-m/fpu\libc.a(lib_a-vfprintf.o) (__sinit)
c:/program files (x86)/gnu tools arm embedded/4.7 2013q3/bin/../lib/gcc/arm-none-eabi/4.7.4/../../../../arm-none-eabi/lib/armv7e-m/fpu\libc.a(lib_a-freer.o)
                              c:/program files (x86)/gnu tools arm embedded/4.7 2013q3/bin/../lib/gcc/arm-none-eabi/4.7.4/../../../../arm-none-eabi/lib/armv7e-m/fpu\libc.a(lib_a-wsetup.o) (_free_r)
c:/program files (x86)/gnu tools arm embedded/4.7 2013q3/bin/../lib/gcc/arm-none-eabi/4.7.4/../../../../arm-none-eabi/lib/armv7e-m/fpu\libc.a(lib_a-fwalk.o)
                              c:/program files (x86)/gnu tools arm embedded/4.7 2013q3/bin/../lib/gcc/arm-none-eabi/4.7.4/../../../../arm-none-eabi/lib/armv7e-m/fpu\libc.a(lib_a-findfp.o) (_fwalk)
c:/program files (x86)/gnu tools arm embedded/4.7 2013q3/bin/../lib/gcc/arm-none-eabi/4.7.4/../../../../arm-none-eabi/lib/armv7e-m/fpu\libc.a(lib_a-impure.o)
                              c:/program files (x86)/gnu tools arm embedded/4.7 2013q3/bin/../lib/gcc/arm-none-eabi/4.7.4/../../../../arm-none-eabi/lib/armv7e-m/fpu\libc.a(lib_a-fflush.o) (_global_impure_ptr)
c:/program files (x86)/gnu tools arm embedded/4.7 2013q3/bin/../lib/gcc/arm-none-eabi/4.7.4/../../../../arm-none-eabi/lib/armv7e-m/fpu\libc.a(lib_a-locale.o)
                              c:/program files (x86)/gnu tools arm embedded/4.7 2013q3/bin/../lib/gcc/arm-none-eabi/4.7.4/../../../../arm-none-eabi/lib/armv7e-m/fpu\libc.a(lib_a-vfprintf.o) (_localeconv_r)
c:/program files (x86)/gnu tools arm embedded/4.7 2013q3/bin/../lib/gcc/arm-none-eabi/4.7.4/../../../../arm-none-eabi/lib/armv7e-m/fpu\libc.a(lib_a-makebuf.o)
                              c:/program files (x86)/gnu tools arm embedded/4.7 2013q3/bin/../lib/gcc/arm-none-eabi/4.7.4/../../../../arm-none-eabi/lib/armv7e-m/fpu\libc.a(lib_a-wsetup.o) (__smakebuf_r)
c:/program files (x86)/gnu tools arm embedded/4.7 2013q3/bin/../lib/gcc/arm-none-eabi/4.7.4/../../../../arm-none-eabi/lib/armv7e-m/fpu\libc.a(lib_a-mallocr.o)
                              c:/program files (x86)/gnu tools arm embedded/4.7 2013q3/bin/../lib/gcc/arm-none-eabi/4.7.4/../../../../arm-none-eabi/lib/armv7e-m/fpu\libc.a(lib_a-findfp.o) (_malloc_r)
c:/program files (x86)/gnu tools arm embedded/4.7 2013q3/bin/../lib/gcc/arm-none-eabi/4.7.4/../../../../arm-none-eabi/lib/armv7e-m/fpu\libc.a(lib_a-memchr.o)
                              c:/program files (x86)/gnu tools arm embedded/4.7 2013q3/bin/../lib/gcc/arm-none-eabi/4.7.4/../../../../arm-none-eabi/lib/armv7e-m/fpu\libc.a(lib_a-vfprintf.o) (memchr)
c:/program files (x86)/gnu tools arm embedded/4.7 2013q3/bin/../lib/gcc/arm-none-eabi/4.7.4/../../../../arm-none-eabi/lib/armv7e-m/fpu\libc.a(lib_a-memcpy.o)
                              c:/program files (x86)/gnu tools arm embedded/4.7 2013q3/bin/../lib/gcc/arm-none-eabi/4.7.4/../../../../arm-none-eabi/lib/armv7e-m/fpu\libc.a(lib_a-dtoa.o) (memcpy)
[...]
Memory Configuration

Name             Origin             Length             Attributes
rom              0x08000000         0x00100000         xr
ram              0x20000000         0x00020000         xrw
ram1             0x10000000         0x00010000         xrw
*default*        0x00000000         0xffffffff

Linker script and memory map

                0x20020000                _eram = 0x20020000

.text           0x08000000     0x86b8
 *(.isr_vector .isr_vector.*)
 .isr_vector    0x08000000      0x188 ..\obj\stm32f4xx_Startup.o
                0x08000000                g_pfnVectors
 *(.text .text.* .gnu.linkonce.t.*)
 .text.SH_SendChar
                0x08000188       0x98 ..\obj\semihosting.o
                0x08000188                SH_SendChar
 .text.TIM7_IRQHandler
                0x08000220      0x81c ..\obj\timer.o
                0x08000220                TIM7_IRQHandler
 .text.Default_Reset_Handler
                0x08000a3c       0x7c ..\obj\stm32f4xx_Startup.o
                0x08000a3c                Default_Reset_Handler
                0x08000a3c                Reset_Handler
 .text.Default_Handler
                0x08000ab8        0x8 ..\obj\stm32f4xx_Startup.o
                0x08000ab8                RTC_Alarm_IRQHandler
                0x08000ab8                HASH_RNG_IRQHandler
                0x08000ab8                EXTI2_IRQHandler
                0x08000ab8                TIM8_CC_IRQHandler
                0x08000ab8                DebugMon_Handler
                0x08000ab8                TIM1_CC_IRQHandler
                0x08000ab8                DMA2_Stream5_IRQHandler
                0x08000ab8                DMA1_Stream5_IRQHandler
                0x08000ab8                SysTick_Handler
                0x08000ab8                PVD_IRQHandler
                0x08000ab8                SDIO_IRQHandler
                0x08000ab8                TAMP_STAMP_IRQHandler
                0x08000ab8                PendSV_Handler
                0x08000ab8                NMI_Handler
                0x08000ab8                CAN2_RX1_IRQHandler
                0x08000ab8                EXTI3_IRQHandler
                0x08000ab8                TIM8_TRG_COM_TIM14_IRQHandler
                0x08000ab8                TIM1_UP_TIM10_IRQHandler
                0x08000ab8                TIM8_UP_TIM13_IRQHandler
                0x08000ab8                I2C3_ER_IRQHandler
                0x08000ab8                EXTI0_IRQHandler
                0x08000ab8                I2C2_EV_IRQHandler
                0x08000ab8                DMA1_Stream2_IRQHandler
                0x08000ab8                CAN1_RX0_IRQHandler
                0x08000ab8                FPU_IRQHandler
                0x08000ab8                OTG_HS_WKUP_IRQHandler
                0x08000ab8                UsageFault_Handler
                0x08000ab8                CAN2_SCE_IRQHandler
                0x08000ab8                DMA2_Stream2_IRQHandler
                0x08000ab8                SPI1_IRQHandler
                0x08000ab8                TIM6_DAC_IRQHandler
                0x08000ab8                TIM1_BRK_TIM9_IRQHandler
                0x08000ab8                DCMI_IRQHandler
                0x08000ab8                CAN2_RX0_IRQHandler
                0x08000ab8                DMA2_Stream3_IRQHandler
                0x08000ab8                USART6_IRQHandler
                0x08000ab8                CRYP_IRQHandler
                0x08000ab8                CAN1_RX1_IRQHandler
                0x08000ab8                UART5_IRQHandler
                0x08000ab8                DMA2_Stream0_IRQHandler
                0x08000ab8                TIM4_IRQHandler
                0x08000ab8                I2C1_EV_IRQHandler
                0x08000ab8                DMA1_Stream6_IRQHandler
                0x08000ab8                DMA1_Stream1_IRQHandler
                0x08000ab8                UART4_IRQHandler
                0x08000ab8                TIM3_IRQHandler
                0x08000ab8                RCC_IRQHandler
                0x08000ab8                TIM8_BRK_TIM12_IRQHandler
                0x08000ab8                Default_Handler
                0x08000ab8                EXTI15_10_IRQHandler
                0x08000ab8                ADC_IRQHandler
                0x08000ab8                DMA1_Stream7_IRQHandler
                0x08000ab8                CAN2_TX_IRQHandler
                0x08000ab8                TIM5_IRQHandler
                0x08000ab8                DMA2_Stream7_IRQHandler
                0x08000ab8                I2C3_EV_IRQHandler
                0x08000ab8                EXTI9_5_IRQHandler
                0x08000ab8                RTC_WKUP_IRQHandler
                0x08000ab8                ETH_WKUP_IRQHandler
                0x08000ab8                SPI2_IRQHandler
                0x08000ab8                OTG_HS_EP1_IN_IRQHandler
                0x08000ab8                MemManage_Handler
                0x08000ab8                DMA1_Stream0_IRQHandler
                0x08000ab8                CAN1_TX_IRQHandler
                0x08000ab8                SVC_Handler
                0x08000ab8                EXTI4_IRQHandler
                0x08000ab8                FSMC_IRQHandler
                0x08000ab8                ETH_IRQHandler
                0x08000ab8                OTG_HS_EP1_OUT_IRQHandler
                0x08000ab8                WWDG_IRQHandler
                0x08000ab8                TIM2_IRQHandler
                0x08000ab8                OTG_FS_WKUP_IRQHandler
                0x08000ab8                TIM1_TRG_COM_TIM11_IRQHandler
                0x08000ab8                OTG_HS_IRQHandler
                0x08000ab8                EXTI1_IRQHandler
                0x08000ab8                I2C2_ER_IRQHandler
                0x08000ab8                DMA2_Stream1_IRQHandler
                0x08000ab8                CAN1_SCE_IRQHandler
                0x08000ab8                FLASH_IRQHandler
                0x08000ab8                DMA2_Stream4_IRQHandler
                0x08000ab8                BusFault_Handler
                0x08000ab8                USART1_IRQHandler
                0x08000ab8                OTG_FS_IRQHandler
                0x08000ab8                SPI3_IRQHandler
                0x08000ab8                DMA1_Stream4_IRQHandler
                0x08000ab8                I2C1_ER_IRQHandler
                0x08000ab8                DMA2_Stream6_IRQHandler
                0x08000ab8                DMA1_Stream3_IRQHandler
 .text.USART_ReceiveData
                0x08000ac0       0x24 ..\obj\stm32f4xx_usart.o
                0x08000ac0                USART_ReceiveData
 .text.USART_GetITStatus
                0x08000ae4       0xc4 ..\obj\stm32f4xx_usart.o
                0x08000ae4                USART_GetITStatus
 .text.RCC_AHB1PeriphClockCmd
                0x08000ba8       0x54 ..\obj\stm32f4xx_rcc.o
                0x08000ba8                RCC_AHB1PeriphClockCmd
 .text.RCC_APB2PeriphClockCmd
                0x08000bfc       0x54 ..\obj\stm32f4xx_rcc.o
                0x08000bfc                RCC_APB2PeriphClockCmd
 .text.RCC_APB2PeriphResetCmd
                0x08000c50       0x54 ..\obj\stm32f4xx_rcc.o
                0x08000c50                RCC_APB2PeriphResetCmd
 .text.main     0x08000ca4       0x94 ..\obj\06_ADC.o
                0x08000ca4                main
 .text.ADC_DeInit
                0x08000d38       0x20 ..\obj\stm32f4xx_adc.o
                0x08000d38                ADC_DeInit
 .text.ADC_Init
                0x08000d58       0xb8 ..\obj\stm32f4xx_adc.o
                0x08000d58                ADC_Init
 .text.ADC_CommonInit
                0x08000e10       0x5c ..\obj\stm32f4xx_adc.o
                0x08000e10                ADC_CommonInit
 .text.ADC_Cmd  0x08000e6c       0x38 ..\obj\stm32f4xx_adc.o
                0x08000e6c                ADC_Cmd
 .text.ADC_RegularChannelConfig
                0x08000ea4      0x1bc ..\obj\stm32f4xx_adc.o
                0x08000ea4                ADC_RegularChannelConfig
 .text.ADC_SoftwareStartConv
                0x08001060       0x20 ..\obj\stm32f4xx_adc.o
                0x08001060                ADC_SoftwareStartConv
 .text.ADC_GetConversionValue
                0x08001080       0x1c ..\obj\stm32f4xx_adc.o
                0x08001080                ADC_GetConversionValue
 .text.ADC_GetFlagStatus
                0x0800109c       0x3c ..\obj\stm32f4xx_adc.o
                0x0800109c                ADC_GetFlagStatus
 .text.GPIO_Init
                0x080010d8      0x144 ..\obj\stm32f4xx_gpio.o
                0x080010d8                GPIO_Init
 .text          0x0800121c       0x30 ..\obj\sh_cmd.o
                0x0800121c                SH_DoCommand
                0x08001232                HardFault_Handler
 .text.SystemInit
                0x0800124c       0xb0 ..\obj\system_stm32f4xx.o
                0x0800124c                SystemInit
 .text.SystemCoreClockUpdate
                0x080012fc      0x170 ..\obj\system_stm32f4xx.o
                0x080012fc                SystemCoreClockUpdate
 .text.SetSysClock
                0x0800146c      0x188 ..\obj\system_stm32f4xx.o
 .text._read_r  0x080015f4       0x20 ..\obj\syscalls.o
                0x080015f4                _read_r
 .text._lseek_r
                0x08001614       0x20 ..\obj\syscalls.o
                0x08001614                _lseek_r
 .text._write_r
                0x08001634       0x44 ..\obj\syscalls.o
                0x08001634                _write_r
 .text._close_r
                0x08001678       0x1c ..\obj\syscalls.o
                0x08001678                _close_r
 .text._sbrk_r  0x08001694       0x5c ..\obj\syscalls.o
                0x08001694                _sbrk_r
 .text._fstat_r
                0x080016f0       0x1c ..\obj\syscalls.o
                0x080016f0                _fstat_r
 .text._isatty  0x0800170c       0x18 ..\obj\syscalls.o
                0x0800170c                _isatty
 .text.ADC_Single_Init
                0x08001724       0xf0 ..\obj\adc.o
                0x08001724                ADC_Single_Init
 .text.ADC_Single_Read
                0x08001814      0x144 ..\obj\adc.o
                0x08001814                ADC_Single_Read
 .text.USART2_IRQHandler
                0x08001958       0x70 ..\obj\usart.o
                0x08001958                USART2_IRQHandler
 .text.USART3_IRQHandler
                0x080019c8       0x70 ..\obj\usart.o
                0x080019c8                USART3_IRQHandler
 .text.printf   0x08001a38       0x28 c:/program files (x86)/gnu tools arm embedded/4.7 2013q3/bin/../lib/gcc/arm-none-eabi/4.7.4/../../../../arm-none-eabi/lib/armv7e-m/fpu\libc.a(lib_a-printf.o)
                0x08001a38                printf
 .text._vfprintf_r
                0x08001a60     0x1cd4 c:/program files (x86)/gnu tools arm embedded/4.7 2013q3/bin/../lib/gcc/arm-none-eabi/4.7.4/../../../../arm-none-eabi/lib/armv7e-m/fpu\libc.a(lib_a-vfprintf.o)
                0x08001a60                _vfprintf_r
 .text.__sbprintf
                0x08003734       0x78 c:/program files (x86)/gnu tools arm embedded/4.7 2013q3/bin/../lib/gcc/arm-none-eabi/4.7.4/../../../../arm-none-eabi/lib/armv7e-m/fpu\libc.a(lib_a-vfprintf.o)
 .text.__swsetup_r
                0x080037ac       0xc4 c:/program files (x86)/gnu tools arm embedded/4.7 2013q3/bin/../lib/gcc/arm-none-eabi/4.7.4/../../../../arm-none-eabi/lib/armv7e-m/fpu\libc.a(lib_a-wsetup.o)
                0x080037ac                __swsetup_r
 .text.quorem   0x08003870      0x2ec c:/program files (x86)/gnu tools arm embedded/4.7 2013q3/bin/../lib/gcc/arm-none-eabi/4.7.4/../../../../arm-none-eabi/lib/armv7e-m/fpu\libc.a(lib_a-dtoa.o)
 *fill*         0x08003b5c        0x4 00
 .text._dtoa_r  0x08003b60     0x1260 c:/program files (x86)/gnu tools arm embedded/4.7 2013q3/bin/../lib/gcc/arm-none-eabi/4.7.4/../../../../arm-none-eabi/lib/armv7e-m/fpu\libc.a(lib_a-dtoa.o)
                0x08003b60                _dtoa_r
 .text._fflush_r
                0x08004dc0      0x168 c:/program files (x86)/gnu tools arm embedded/4.7 2013q3/bin/../lib/gcc/arm-none-eabi/4.7.4/../../../../arm-none-eabi/lib/armv7e-m/fpu\libc.a(lib_a-fflush.o)
                0x08004dc0                _fflush_r
 .text._cleanup_r
                0x08004f28        0xc c:/program files (x86)/gnu tools arm embedded/4.7 2013q3/bin/../lib/gcc/arm-none-eabi/4.7.4/../../../../arm-none-eabi/lib/armv7e-m/fpu\libc.a(lib_a-findfp.o)
                0x08004f28                _cleanup_r
 .text.std.isra.0
                0x08004f34       0x50 c:/program files (x86)/gnu tools arm embedded/4.7 2013q3/bin/../lib/gcc/arm-none-eabi/4.7.4/../../../../arm-none-eabi/lib/armv7e-m/fpu\libc.a(lib_a-findfp.o)
 .text.__sinit  0x08004f84       0x4c c:/program files (x86)/gnu tools arm embedded/4.7 2013q3/bin/../lib/gcc/arm-none-eabi/4.7.4/../../../../arm-none-eabi/lib/armv7e-m/fpu\libc.a(lib_a-findfp.o)
                0x08004f84                __sinit
 .text.__sfp_lock_acquire
                0x08004fd0        0x4 c:/program files (x86)/gnu tools arm embedded/4.7 2013q3/bin/../lib/gcc/arm-none-eabi/4.7.4/../../../../arm-none-eabi/lib/armv7e-m/fpu\libc.a(lib_a-findfp.o)
                0x08004fd0                __sfp_lock_acquire
 .text.__sfp_lock_release
                0x08004fd4        0x4 c:/program files (x86)/gnu tools arm embedded/4.7 2013q3/bin/../lib/gcc/arm-none-eabi/4.7.4/../../../../arm-none-eabi/lib/armv7e-m/fpu\libc.a(lib_a-findfp.o)
                0x08004fd4                __sfp_lock_release
 .text._malloc_trim_r
                0x08004fd8       0x98 c:/program files (x86)/gnu tools arm embedded/4.7 2013q3/bin/../lib/gcc/arm-none-eabi/4.7.4/../../../../arm-none-eabi/lib/armv7e-m/fpu\libc.a(lib_a-freer.o)
                0x08004fd8                _malloc_trim_r
 .text._free_r  0x08005070      0x194 c:/program files (x86)/gnu tools arm embedded/4.7 2013q3/bin/../lib/gcc/arm-none-eabi/4.7.4/../../../../arm-none-eabi/lib/armv7e-m/fpu\libc.a(lib_a-freer.o)
                0x08005070                _free_r
 .text._fwalk   0x08005204       0xb8 c:/program files (x86)/gnu tools arm embedded/4.7 2013q3/bin/../lib/gcc/arm-none-eabi/4.7.4/../../../../arm-none-eabi/lib/armv7e-m/fpu\libc.a(lib_a-fwalk.o)
                0x08005204                _fwalk
 .text.__locale_charset
                0x080052bc        0xc c:/program files (x86)/gnu tools arm embedded/4.7 2013q3/bin/../lib/gcc/arm-none-eabi/4.7.4/../../../../arm-none-eabi/lib/armv7e-m/fpu\libc.a(lib_a-locale.o)
                0x080052bc                __locale_charset
 .text.__locale_mb_cur_max
                0x080052c8        0xc c:/program files (x86)/gnu tools arm embedded/4.7 2013q3/bin/../lib/gcc/arm-none-eabi/4.7.4/../../../../arm-none-eabi/lib/armv7e-m/fpu\libc.a(lib_a-locale.o)
                0x080052c8                __locale_mb_cur_max
 .text._localeconv_r
                0x080052d4        0xc c:/program files (x86)/gnu tools arm embedded/4.7 2013q3/bin/../lib/gcc/arm-none-eabi/4.7.4/../../../../arm-none-eabi/lib/armv7e-m/fpu\libc.a(lib_a-locale.o)
                0x080052d4                _localeconv_r
 .text.__smakebuf_r
                0x080052e0       0xe8 c:/program files (x86)/gnu tools arm embedded/4.7 2013q3/bin/../lib/gcc/arm-none-eabi/4.7.4/../../../../arm-none-eabi/lib/armv7e-m/fpu\libc.a(lib_a-makebuf.o)
                0x080052e0                __smakebuf_r
 .text._malloc_r
                0x080053c8      0x55c c:/program files (x86)/gnu tools arm embedded/4.7 2013q3/bin/../lib/gcc/arm-none-eabi/4.7.4/../../../../arm-none-eabi/lib/armv7e-m/fpu\libc.a(lib_a-mallocr.o)
                0x080053c8                _malloc_r
 .text.memchr   0x08005924      0x140 c:/program files (x86)/gnu tools arm embedded/4.7 2013q3/bin/../lib/gcc/arm-none-eabi/4.7.4/../../../../arm-none-eabi/lib/armv7e-m/fpu\libc.a(lib_a-memchr.o)
                0x08005924                memchr
 .text.memcpy   0x08005a64      0x144 c:/program files (x86)/gnu tools arm embedded/4.7 2013q3/bin/../lib/gcc/arm-none-eabi/4.7.4/../../../../arm-none-eabi/lib/armv7e-m/fpu\libc.a(lib_a-memcpy.o)
                0x08005a64                memcpy
 .text.memset   0x08005ba8      0x12c c:/program files (x86)/gnu tools arm embedded/4.7 2013q3/bin/../lib/gcc/arm-none-eabi/4.7.4/../../../../arm-none-eabi/lib/armv7e-m/fpu\libc.a(lib_a-memset.o)
                0x08005ba8                memset
 .text.__malloc_lock
                0x08005cd4        0x4 c:/program files (x86)/gnu tools arm embedded/4.7 2013q3/bin/../lib/gcc/arm-none-eabi/4.7.4/../../../../arm-none-eabi/lib/armv7e-m/fpu\libc.a(lib_a-mlock.o)
                0x08005cd4                __malloc_lock
 .text.__malloc_unlock
                0x08005cd8        0x4 c:/program files (x86)/gnu tools arm embedded/4.7 2013q3/bin/../lib/gcc/arm-none-eabi/4.7.4/../../../../arm-none-eabi/lib/armv7e-m/fpu\libc.a(lib_a-mlock.o)
                0x08005cd8                __malloc_unlock
 .text._Balloc  0x08005cdc       0x4c c:/program files (x86)/gnu tools arm embedded/4.7 2013q3/bin/../lib/gcc/arm-none-eabi/4.7.4/../../../../arm-none-eabi/lib/armv7e-m/fpu\libc.a(lib_a-mprec.o)
                0x08005cdc                _Balloc
 .text._Bfree   0x08005d28       0x14 c:/program files (x86)/gnu tools arm embedded/4.7 2013q3/bin/../lib/gcc/arm-none-eabi/4.7.4/../../../../arm-none-eabi/lib/armv7e-m/fpu\libc.a(lib_a-mprec.o)
                0x08005d28                _Bfree
 .text.__multadd
                0x08005d3c       0xf8 c:/program files (x86)/gnu tools arm embedded/4.7 2013q3/bin/../lib/gcc/arm-none-eabi/4.7.4/../../../../arm-none-eabi/lib/armv7e-m/fpu\libc.a(lib_a-mprec.o)
                0x08005d3c                __multadd
 .text.__hi0bits
                0x08005e34       0x3c c:/program files (x86)/gnu tools arm embedded/4.7 2013q3/bin/../lib/gcc/arm-none-eabi/4.7.4/../../../../arm-none-eabi/lib/armv7e-m/fpu\libc.a(lib_a-mprec.o)
                0x08005e34                __hi0bits
 .text.__lo0bits
                0x08005e70       0x5c c:/program files (x86)/gnu tools arm embedded/4.7 2013q3/bin/../lib/gcc/arm-none-eabi/4.7.4/../../../../arm-none-eabi/lib/armv7e-m/fpu\libc.a(lib_a-mprec.o)
                0x08005e70                __lo0bits
 .text.__i2b    0x08005ecc       0x14 c:/program files (x86)/gnu tools arm embedded/4.7 2013q3/bin/../lib/gcc/arm-none-eabi/4.7.4/../../../../arm-none-eabi/lib/armv7e-m/fpu\libc.a(lib_a-mprec.o)
                0x08005ecc                __i2b
 .text.__multiply
                0x08005ee0      0x2d0 c:/program files (x86)/gnu tools arm embedded/4.7 2013q3/bin/../lib/gcc/arm-none-eabi/4.7.4/../../../../arm-none-eabi/lib/armv7e-m/fpu\libc.a(lib_a-mprec.o)
                0x08005ee0                __multiply
 .text.__pow5mult
                0x080061b0       0x94 c:/program files (x86)/gnu tools arm embedded/4.7 2013q3/bin/../lib/gcc/arm-none-eabi/4.7.4/../../../../arm-none-eabi/lib/armv7e-m/fpu\libc.a(lib_a-mprec.o)
                0x080061b0                __pow5mult
 .text.__lshift
                0x08006244      0x188 c:/program files (x86)/gnu tools arm embedded/4.7 2013q3/bin/../lib/gcc/arm-none-eabi/4.7.4/../../../../arm-none-eabi/lib/armv7e-m/fpu\libc.a(lib_a-mprec.o)
                0x08006244                __lshift
 .text.__mcmp   0x080063cc       0x5c c:/program files (x86)/gnu tools arm embedded/4.7 2013q3/bin/../lib/gcc/arm-none-eabi/4.7.4/../../../../arm-none-eabi/lib/armv7e-m/fpu\libc.a(lib_a-mprec.o)
                0x080063cc                __mcmp
 .text.__mdiff  0x08006428      0x20c c:/program files (x86)/gnu tools arm embedded/4.7 2013q3/bin/../lib/gcc/arm-none-eabi/4.7.4/../../../../arm-none-eabi/lib/armv7e-m/fpu\libc.a(lib_a-mprec.o)
                0x08006428                __mdiff
 .text.__d2b    0x08006634       0xb4 c:/program files (x86)/gnu tools arm embedded/4.7 2013q3/bin/../lib/gcc/arm-none-eabi/4.7.4/../../../../arm-none-eabi/lib/armv7e-m/fpu\libc.a(lib_a-mprec.o)
                0x08006634                __d2b
 .text.__fpclassifyd
                0x080066e8       0x70 c:/program files (x86)/gnu tools arm embedded/4.7 2013q3/bin/../lib/gcc/arm-none-eabi/4.7.4/../../../../arm-none-eabi/lib/armv7e-m/fpu\libc.a(lib_a-s_fpclassify.o)
                0x080066e8                __fpclassifyd
 .text.__sread  0x08006758       0x24 c:/program files (x86)/gnu tools arm embedded/4.7 2013q3/bin/../lib/gcc/arm-none-eabi/4.7.4/../../../../arm-none-eabi/lib/armv7e-m/fpu\libc.a(lib_a-stdio.o)
                0x08006758                __sread
 .text.__swrite
                0x0800677c       0x44 c:/program files (x86)/gnu tools arm embedded/4.7 2013q3/bin/../lib/gcc/arm-none-eabi/4.7.4/../../../../arm-none-eabi/lib/armv7e-m/fpu\libc.a(lib_a-stdio.o)
                0x0800677c                __swrite
 .text.__sseek  0x080067c0       0x24 c:/program files (x86)/gnu tools arm embedded/4.7 2013q3/bin/../lib/gcc/arm-none-eabi/4.7.4/../../../../arm-none-eabi/lib/armv7e-m/fpu\libc.a(lib_a-stdio.o)
                0x080067c0                __sseek
 .text.__sclose
                0x080067e4        0x8 c:/program files (x86)/gnu tools arm embedded/4.7 2013q3/bin/../lib/gcc/arm-none-eabi/4.7.4/../../../../arm-none-eabi/lib/armv7e-m/fpu\libc.a(lib_a-stdio.o)
                0x080067e4                __sclose
 .text.strlen   0x080067ec       0x60 c:/program files (x86)/gnu tools arm embedded/4.7 2013q3/bin/../lib/gcc/arm-none-eabi/4.7.4/../../../../arm-none-eabi/lib/armv7e-m/fpu\libc.a(lib_a-strlen.o)
                0x080067ec                strlen
 .text.__sprint_r
                0x0800684c       0xc0 c:/program files (x86)/gnu tools arm embedded/4.7 2013q3/bin/../lib/gcc/arm-none-eabi/4.7.4/../../../../arm-none-eabi/lib/armv7e-m/fpu\libc.a(lib_a-vfiprintf.o)
                0x0800684c                __sprint_r
 .text._calloc_r
                0x0800690c       0x60 c:/program files (x86)/gnu tools arm embedded/4.7 2013q3/bin/../lib/gcc/arm-none-eabi/4.7.4/../../../../arm-none-eabi/lib/armv7e-m/fpu\libc.a(lib_a-callocr.o)
                0x0800690c                _calloc_r
 .text._fclose_r
                0x0800696c       0x94 c:/program files (x86)/gnu tools arm embedded/4.7 2013q3/bin/../lib/gcc/arm-none-eabi/4.7.4/../../../../arm-none-eabi/lib/armv7e-m/fpu\libc.a(lib_a-fclose.o)
                0x0800696c                _fclose_r
 .text.fclose   0x08006a00       0x10 c:/program files (x86)/gnu tools arm embedded/4.7 2013q3/bin/../lib/gcc/arm-none-eabi/4.7.4/../../../../arm-none-eabi/lib/armv7e-m/fpu\libc.a(lib_a-fclose.o)
                0x08006a00                fclose
 .text._fputwc_r
                0x08006a10      0x1b0 c:/program files (x86)/gnu tools arm embedded/4.7 2013q3/bin/../lib/gcc/arm-none-eabi/4.7.4/../../../../arm-none-eabi/lib/armv7e-m/fpu\libc.a(lib_a-fputwc.o)
                0x08006a10                _fputwc_r
 .text.__sfvwrite_r
                0x08006bc0      0x314 c:/program files (x86)/gnu tools arm embedded/4.7 2013q3/bin/../lib/gcc/arm-none-eabi/4.7.4/../../../../arm-none-eabi/lib/armv7e-m/fpu\libc.a(lib_a-fvwrite.o)
                0x08006bc0                __sfvwrite_r
 .text._isatty_r
                0x08006ed4       0x24 c:/program files (x86)/gnu tools arm embedded/4.7 2013q3/bin/../lib/gcc/arm-none-eabi/4.7.4/../../../../arm-none-eabi/lib/armv7e-m/fpu\libc.a(lib_a-isattyr.o)
                0x08006ed4                _isatty_r
 .text.memmove  0x08006ef8      0x198 c:/program files (x86)/gnu tools arm embedded/4.7 2013q3/bin/../lib/gcc/arm-none-eabi/4.7.4/../../../../arm-none-eabi/lib/armv7e-m/fpu\libc.a(lib_a-memmove.o)
                0x08006ef8                memmove
 .text._realloc_r
                0x08007090      0x3dc c:/program files (x86)/gnu tools arm embedded/4.7 2013q3/bin/../lib/gcc/arm-none-eabi/4.7.4/../../../../arm-none-eabi/lib/armv7e-m/fpu\libc.a(lib_a-reallocr.o)
                0x08007090                _realloc_r
 .text.__swbuf_r
                0x0800746c       0xbc c:/program files (x86)/gnu tools arm embedded/4.7 2013q3/bin/../lib/gcc/arm-none-eabi/4.7.4/../../../../arm-none-eabi/lib/armv7e-m/fpu\libc.a(lib_a-wbuf.o)
                0x0800746c                __swbuf_r
 .text._wcrtomb_r
                0x08007528       0x50 c:/program files (x86)/gnu tools arm embedded/4.7 2013q3/bin/../lib/gcc/arm-none-eabi/4.7.4/../../../../arm-none-eabi/lib/armv7e-m/fpu\libc.a(lib_a-wcrtomb.o)
                0x08007528                _wcrtomb_r
 .text.__ascii_wctomb
                0x08007578       0x1c c:/program files (x86)/gnu tools arm embedded/4.7 2013q3/bin/../lib/gcc/arm-none-eabi/4.7.4/../../../../arm-none-eabi/lib/armv7e-m/fpu\libc.a(lib_a-wctomb_r.o)
                0x08007578                __ascii_wctomb
 .text          0x08007594      0x370 c:/program files (x86)/gnu tools arm embedded/4.7 2013q3/bin/../lib/gcc/arm-none-eabi/4.7.4/armv7e-m/fpu\libgcc.a(_arm_addsubdf3.o)
                0x08007594                __aeabi_drsub
                0x0800759c                __aeabi_dsub
                0x0800759c                __subdf3
                0x080075a0                __aeabi_dadd
                0x080075a0                __adddf3
                0x08007818                __floatunsidf
                0x08007818                __aeabi_ui2d
                0x08007838                __floatsidf
                0x08007838                __aeabi_i2d
                0x0800785c                __aeabi_f2d
                0x0800785c                __extendsfdf2
                0x08007898                __floatundidf
                0x08007898                __aeabi_ul2d
                0x080078a8                __floatdidf
                0x080078a8                __aeabi_l2d
 .text          0x08007904      0x424 c:/program files (x86)/gnu tools arm embedded/4.7 2013q3/bin/../lib/gcc/arm-none-eabi/4.7.4/armv7e-m/fpu\libgcc.a(_arm_muldivdf3.o)
                0x08007904                __aeabi_dmul
                0x08007904                __muldf3
                0x08007b58                __divdf3
                0x08007b58                __aeabi_ddiv
 .text          0x08007d28      0x110 c:/program files (x86)/gnu tools arm embedded/4.7 2013q3/bin/../lib/gcc/arm-none-eabi/4.7.4/armv7e-m/fpu\libgcc.a(_arm_cmpdf2.o)
                0x08007d28                __gtdf2
                0x08007d28                __gedf2
                0x08007d30                __ltdf2
                0x08007d30                __ledf2
                0x08007d38                __nedf2
                0x08007d38                __eqdf2
                0x08007d38                __cmpdf2
                0x08007db4                __aeabi_cdrcmple
                0x08007dc4                __aeabi_cdcmpeq
                0x08007dc4                __aeabi_cdcmple
                0x08007dd4                __aeabi_dcmpeq
                0x08007de8                __aeabi_dcmplt
                0x08007dfc                __aeabi_dcmple
                0x08007e10                __aeabi_dcmpge
                0x08007e24                __aeabi_dcmpgt
 .text          0x08007e38       0x50 c:/program files (x86)/gnu tools arm embedded/4.7 2013q3/bin/../lib/gcc/arm-none-eabi/4.7.4/armv7e-m/fpu\libgcc.a(_arm_fixdfsi.o)
                0x08007e38                __aeabi_d2iz
                0x08007e38                __fixdfsi
 .text          0x08007e88       0x2c c:/program files (x86)/gnu tools arm embedded/4.7 2013q3/bin/../lib/gcc/arm-none-eabi/4.7.4/armv7e-m/fpu\libgcc.a(_aeabi_uldivmod.o)
                0x08007e88                __aeabi_uldivmod
 .text          0x08007eb4       0x58 c:/program files (x86)/gnu tools arm embedded/4.7 2013q3/bin/../lib/gcc/arm-none-eabi/4.7.4/armv7e-m/fpu\libgcc.a(bpabi.o)
                0x08007eb4                __gnu_ldivmod_helper
                0x08007ee0                __gnu_uldivmod_helper
 .text          0x08007f0c        0x4 c:/program files (x86)/gnu tools arm embedded/4.7 2013q3/bin/../lib/gcc/arm-none-eabi/4.7.4/armv7e-m/fpu\libgcc.a(_dvmd_tls.o)
                0x08007f0c                __aeabi_idiv0
                0x08007f0c                __aeabi_ldiv0
 .text          0x08007f10      0x2bc c:/program files (x86)/gnu tools arm embedded/4.7 2013q3/bin/../lib/gcc/arm-none-eabi/4.7.4/armv7e-m/fpu\libgcc.a(_divdi3.o)
                0x08007f10                __divdi3
 .text          0x080081cc      0x288 c:/program files (x86)/gnu tools arm embedded/4.7 2013q3/bin/../lib/gcc/arm-none-eabi/4.7.4/armv7e-m/fpu\libgcc.a(_udivdi3.o)
                0x080081cc                __udivdi3
 *(.glue_7t)
 .glue_7t       0x00000000        0x0 linker stubs
 *(.glue_7)
 .glue_7        0x00000000        0x0 linker stubs
 *(.rodata .rodata* .gnu.linkonce.r.*)
 .rodata        0x08008454       0x24 ..\obj\06_ADC.o
 .rodata        0x08008478       0xc0 ..\obj\digitalIO.o
                0x08008478                DIO_ODR_ADDR_BB
                0x080084d8                DIO_IDR_ADDR_BB
 .rodata.blanks.6735
                0x08008538       0x10 c:/program files (x86)/gnu tools arm embedded/4.7 2013q3/bin/../lib/gcc/arm-none-eabi/4.7.4/../../../../arm-none-eabi/lib/armv7e-m/fpu\libc.a(lib_a-vfprintf.o)
 .rodata.str1.4
                0x08008548       0x42 c:/program files (x86)/gnu tools arm embedded/4.7 2013q3/bin/../lib/gcc/arm-none-eabi/4.7.4/../../../../arm-none-eabi/lib/armv7e-m/fpu\libc.a(lib_a-vfprintf.o)
                                 0x44 (size before relaxing)
 *fill*         0x0800858a        0x2 00
 .rodata.zeroes.6736
                0x0800858c       0x10 c:/program files (x86)/gnu tools arm embedded/4.7 2013q3/bin/../lib/gcc/arm-none-eabi/4.7.4/../../../../arm-none-eabi/lib/armv7e-m/fpu\libc.a(lib_a-vfprintf.o)
 .rodata.str1.4
                0x0800859c       0x10 c:/program files (x86)/gnu tools arm embedded/4.7 2013q3/bin/../lib/gcc/arm-none-eabi/4.7.4/../../../../arm-none-eabi/lib/armv7e-m/fpu\libc.a(lib_a-dtoa.o)
                                 0x14 (size before relaxing)
 .rodata.str1.4
                0x080085ac        0x2 c:/program files (x86)/gnu tools arm embedded/4.7 2013q3/bin/../lib/gcc/arm-none-eabi/4.7.4/../../../../arm-none-eabi/lib/armv7e-m/fpu\libc.a(lib_a-impure.o)
                                  0x4 (size before relaxing)
 *fill*         0x080085ae        0x2 00
 .rodata.str1.4
                0x080085b0        0xc c:/program files (x86)/gnu tools arm embedded/4.7 2013q3/bin/../lib/gcc/arm-none-eabi/4.7.4/../../../../arm-none-eabi/lib/armv7e-m/fpu\libc.a(lib_a-locale.o)
                                 0x14 (size before relaxing)
 .rodata.p05.5242
                0x080085bc        0xc c:/program files (x86)/gnu tools arm embedded/4.7 2013q3/bin/../lib/gcc/arm-none-eabi/4.7.4/../../../../arm-none-eabi/lib/armv7e-m/fpu\libc.a(lib_a-mprec.o)
 .rodata.__mprec_tens
                0x080085c8       0xc8 c:/program files (x86)/gnu tools arm embedded/4.7 2013q3/bin/../lib/gcc/arm-none-eabi/4.7.4/../../../../arm-none-eabi/lib/armv7e-m/fpu\libc.a(lib_a-mprec.o)
                0x080085c8                __mprec_tens
 .rodata.__mprec_bigtens
                0x08008690       0x28 c:/program files (x86)/gnu tools arm embedded/4.7 2013q3/bin/../lib/gcc/arm-none-eabi/4.7.4/../../../../arm-none-eabi/lib/armv7e-m/fpu\libc.a(lib_a-mprec.o)
                0x08008690                __mprec_bigtens

.vfp11_veneer   0x080086b8        0x0
 .vfp11_veneer  0x00000000        0x0 linker stubs

.v4_bx          0x080086b8        0x0
 .v4_bx         0x00000000        0x0 linker stubs

.iplt           0x080086b8        0x0
 .iplt          0x00000000        0x0 ..\obj\semihosting.o

.ARM.extab
 *(.ARM.extab* .gnu.linkonce.armextab.*)
                0x080086b8                __exidx_start = .

.ARM.exidx      0x080086b8        0x8
 *(.ARM.exidx* .gnu.linkonce.armexidx.*)
 .ARM.exidx     0x080086b8        0x8 c:/program files (x86)/gnu tools arm embedded/4.7 2013q3/bin/../lib/gcc/arm-none-eabi/4.7.4/armv7e-m/fpu\libgcc.a(_divdi3.o)
 .ARM.exidx     0x080086c0        0x0 c:/program files (x86)/gnu tools arm embedded/4.7 2013q3/bin/../lib/gcc/arm-none-eabi/4.7.4/armv7e-m/fpu\libgcc.a(_udivdi3.o)
                                  0x8 (size before relaxing)
                0x080086c0                __exidx_end = .

.rel.dyn        0x080086c0        0x0
 .rel.iplt      0x00000000        0x0 ..\obj\semihosting.o
                0x080086c0                . = ALIGN (0x4)
                0x080086c0                _etext = .
                0x080086c0                _sidata = .

.data           0x20000000      0x8b4 load address 0x080086c0
                0x20000000                _sdata = .
 *(.data .data.*)
 .data          0x20000000       0x14 ..\obj\system_stm32f4xx.o
                0x20000000                SystemCoreClock
                0x20000004                AHBPrescTable
 *fill*         0x20000014        0x4 00
 .data.impure_data
                0x20000018      0x428 c:/program files (x86)/gnu tools arm embedded/4.7 2013q3/bin/../lib/gcc/arm-none-eabi/4.7.4/../../../../arm-none-eabi/lib/armv7e-m/fpu\libc.a(lib_a-impure.o)
 .data._impure_ptr
                0x20000440        0x4 c:/program files (x86)/gnu tools arm embedded/4.7 2013q3/bin/../lib/gcc/arm-none-eabi/4.7.4/../../../../arm-none-eabi/lib/armv7e-m/fpu\libc.a(lib_a-impure.o)
                0x20000440                _impure_ptr
 .data.lconv    0x20000444       0x38 c:/program files (x86)/gnu tools arm embedded/4.7 2013q3/bin/../lib/gcc/arm-none-eabi/4.7.4/../../../../arm-none-eabi/lib/armv7e-m/fpu\libc.a(lib_a-locale.o)
 .data.lc_ctype_charset
                0x2000047c       0x20 c:/program files (x86)/gnu tools arm embedded/4.7 2013q3/bin/../lib/gcc/arm-none-eabi/4.7.4/../../../../arm-none-eabi/lib/armv7e-m/fpu\libc.a(lib_a-locale.o)
 .data.__mb_cur_max
                0x2000049c        0x4 c:/program files (x86)/gnu tools arm embedded/4.7 2013q3/bin/../lib/gcc/arm-none-eabi/4.7.4/../../../../arm-none-eabi/lib/armv7e-m/fpu\libc.a(lib_a-locale.o)
                0x2000049c                __mb_cur_max
 .data.__malloc_av_
                0x200004a0      0x408 c:/program files (x86)/gnu tools arm embedded/4.7 2013q3/bin/../lib/gcc/arm-none-eabi/4.7.4/../../../../arm-none-eabi/lib/armv7e-m/fpu\libc.a(lib_a-mallocr.o)
                0x200004a0                __malloc_av_
 .data.__malloc_trim_threshold
                0x200008a8        0x4 c:/program files (x86)/gnu tools arm embedded/4.7 2013q3/bin/../lib/gcc/arm-none-eabi/4.7.4/../../../../arm-none-eabi/lib/armv7e-m/fpu\libc.a(lib_a-mallocr.o)
                0x200008a8                __malloc_trim_threshold
 .data.__malloc_sbrk_base
                0x200008ac        0x4 c:/program files (x86)/gnu tools arm embedded/4.7 2013q3/bin/../lib/gcc/arm-none-eabi/4.7.4/../../../../arm-none-eabi/lib/armv7e-m/fpu\libc.a(lib_a-mallocr.o)
                0x200008ac                __malloc_sbrk_base
 .data.__wctomb
                0x200008b0        0x4 c:/program files (x86)/gnu tools arm embedded/4.7 2013q3/bin/../lib/gcc/arm-none-eabi/4.7.4/../../../../arm-none-eabi/lib/armv7e-m/fpu\libc.a(lib_a-wctomb_r.o)
                0x200008b0                __wctomb
                0x200008b4                . = ALIGN (0x4)
                0x200008b4                _edata = .

.igot.plt       0x200008b4        0x0 load address 0x08008f74
 .igot.plt      0x00000000        0x0 ..\obj\semihosting.o

.bss            0x200008b4      0x130 load address 0x08008f74
                0x200008b4                _sbss = .
 *(.bss .bss.*)
 .bss           0x200008b4       0x14 ..\obj\semihosting.o
 .bss           0x200008c8        0xc ..\obj\timer.o
                0x200008c8                gSystemTimer_ms
 .bss           0x200008d4       0x9c ..\obj\motor.o
                0x200008d4                gMotor_status
 .bss           0x20000970       0x30 ..\obj\usart.o
 .bss.__malloc_max_total_mem
                0x200009a0        0x4 c:/program files (x86)/gnu tools arm embedded/4.7 2013q3/bin/../lib/gcc/arm-none-eabi/4.7.4/../../../../arm-none-eabi/lib/armv7e-m/fpu\libc.a(lib_a-mallocr.o)
                0x200009a0                __malloc_max_total_mem
 .bss.__malloc_max_sbrked_mem
                0x200009a4        0x4 c:/program files (x86)/gnu tools arm embedded/4.7 2013q3/bin/../lib/gcc/arm-none-eabi/4.7.4/../../../../arm-none-eabi/lib/armv7e-m/fpu\libc.a(lib_a-mallocr.o)
                0x200009a4                __malloc_max_sbrked_mem
 .bss.__malloc_top_pad
                0x200009a8        0x4 c:/program files (x86)/gnu tools arm embedded/4.7 2013q3/bin/../lib/gcc/arm-none-eabi/4.7.4/../../../../arm-none-eabi/lib/armv7e-m/fpu\libc.a(lib_a-mallocr.o)
                0x200009a8                __malloc_top_pad
 .bss.__malloc_current_mallinfo
                0x200009ac       0x28 c:/program files (x86)/gnu tools arm embedded/4.7 2013q3/bin/../lib/gcc/arm-none-eabi/4.7.4/../../../../arm-none-eabi/lib/armv7e-m/fpu\libc.a(lib_a-mallocr.o)
                0x200009ac                __malloc_current_mallinfo
 *(COMMON)
 COMMON         0x200009d4        0xc ..\obj\syscalls.o
                0x200009dc                heap_end
 COMMON         0x200009e0        0x4 c:/program files (x86)/gnu tools arm embedded/4.7 2013q3/bin/../lib/gcc/arm-none-eabi/4.7.4/../../../../arm-none-eabi/lib/armv7e-m/fpu\libc.a(lib_a-reent.o)
                0x200009e0                errno
                0x200009e4                . = ALIGN (0x4)
                0x200009e4                _ebss = .

.co_stack       0x200009e4    0x10004 load address 0x080090a4
                0x200009e8                . = ALIGN (0x8)
 *fill*         0x200009e4        0x4 00
 *(.co_stack .co_stack.*)
 .co_stack      0x200009e8    0x10000 ..\obj\stm32f4xx_Startup.o
                0x200009e8                pulStack
                0x200109e8                . = ALIGN (0x4)
                0x200109e8                _end = .
LOAD ..\obj\semihosting.o
LOAD ..\obj\stm32f4xx_syscfg.o
LOAD ..\obj\stm32f4xx_sdio.o
LOAD ..\obj\motherboard.o
LOAD ..\obj\pspad.o
LOAD ..\obj\stm32f4xx_cryp_aes.o
LOAD ..\obj\stm32f4xx_hash.o
LOAD ..\obj\05_RotaryENC.o
LOAD ..\obj\stm32f4xx_hash_sha1.o
LOAD ..\obj\timer.o
LOAD ..\obj\stm32f4xx_Startup.o
LOAD ..\obj\stm32f4xx_usart.o
LOAD ..\obj\stm32f4xx_pwr.o
LOAD ..\obj\stm32f4xx_can.o
LOAD ..\obj\rotary_encoder.o
LOAD ..\obj\stm32f4xx_wwdg.o
LOAD ..\obj\stm32f4xx_hash_md5.o
LOAD ..\obj\stm32f4xx_dac.o
LOAD ..\obj\00_Model.o
LOAD ..\obj\stm32f4xx_crc.o
LOAD ..\obj\stm32f4xx_iwdg.o
LOAD ..\obj\03_Motor.o
LOAD ..\obj\stm32f4xx_rcc.o
LOAD ..\obj\06_ADC.o
LOAD ..\obj\stm32f4xx_adc.o
LOAD ..\obj\stm32f4xx_dcmi.o
LOAD ..\obj\motor.o
LOAD ..\obj\digitalIO.o
LOAD ..\obj\02_MotherBoard.o
LOAD ..\obj\stm32f4xx_cryp_des.o
LOAD ..\obj\xprintf.o
LOAD ..\obj\stm32f4xx_cryp.o
LOAD ..\obj\stm32f4xx_fsmc.o
LOAD ..\obj\04_PSpad.o
LOAD ..\obj\rs485_master.o
LOAD ..\obj\stm32f4xx_gpio.o
LOAD ..\obj\stm32f4xx_flash.o
LOAD ..\obj\sh_cmd.o
LOAD ..\obj\system_stm32f4xx.o
LOAD ..\obj\syscalls.o
LOAD ..\obj\stm32f4xx_dma.o
LOAD ..\obj\tools.o
LOAD ..\obj\adc.o
LOAD ..\obj\terunet.o
LOAD ..\obj\01_DigitalIO.o
LOAD ..\obj\stm32f4xx_spi.o
LOAD ..\obj\stm32f4xx_i2c.o
LOAD ..\obj\stm32f4xx_rng.o
LOAD ..\obj\stm32f4xx_exti.o
LOAD ..\obj\misc.o
LOAD ..\obj\stm32f4xx_rtc.o
LOAD ..\obj\07_Terunet.o
LOAD ..\obj\stm32f4xx_cryp_tdes.o
LOAD ..\obj\stm32f4xx_tim.o
LOAD ..\obj\stm32f4xx_dbgmcu.o
LOAD ..\obj\usart.o
LOAD c:/program files (x86)/gnu tools arm embedded/4.7 2013q3/bin/../lib/gcc/arm-none-eabi/4.7.4/../../../../arm-none-eabi/lib/armv7e-m/fpu\libm.a
LOAD c:/program files (x86)/gnu tools arm embedded/4.7 2013q3/bin/../lib/gcc/arm-none-eabi/4.7.4/armv7e-m/fpu\libgcc.a
LOAD c:/program files (x86)/gnu tools arm embedded/4.7 2013q3/bin/../lib/gcc/arm-none-eabi/4.7.4/../../../../arm-none-eabi/lib/armv7e-m/fpu\libc.a
START GROUP
LOAD c:/program files (x86)/gnu tools arm embedded/4.7 2013q3/bin/../lib/gcc/arm-none-eabi/4.7.4/armv7e-m/fpu\libgcc.a
LOAD c:/program files (x86)/gnu tools arm embedded/4.7 2013q3/bin/../lib/gcc/arm-none-eabi/4.7.4/../../../../arm-none-eabi/lib/armv7e-m/fpu\libg.a
LOAD c:/program files (x86)/gnu tools arm embedded/4.7 2013q3/bin/../lib/gcc/arm-none-eabi/4.7.4/../../../../arm-none-eabi/lib/armv7e-m/fpu\libc.a
END GROUP
OUTPUT(RCsemiSTM32F4_Ver200.elf elf32-littlearm)

.debug_info     0x00000000     0x6262
 .debug_info    0x00000000      0x135 ..\obj\semihosting.o
 .debug_info    0x00000135      0x7c0 ..\obj\timer.o
 .debug_info    0x000008f5      0x333 ..\obj\stm32f4xx_Startup.o
 .debug_info    0x00000c28      0xa60 ..\obj\stm32f4xx_usart.o
 .debug_info    0x00001688      0xd37 ..\obj\stm32f4xx_rcc.o
 .debug_info    0x000023bf       0xb6 ..\obj\06_ADC.o
 .debug_info    0x00002475      0xcf4 ..\obj\stm32f4xx_adc.o
 .debug_info    0x00003169      0x20b ..\obj\motor.o
 .debug_info    0x00003374      0x3b2 ..\obj\digitalIO.o
 .debug_info    0x00003726      0x642 ..\obj\stm32f4xx_gpio.o
 .debug_info    0x00003d68       0xf4 ..\obj\sh_cmd.o
 .debug_info    0x00003e5c      0x5f4 ..\obj\system_stm32f4xx.o
 .debug_info    0x00004450      0xd83 ..\obj\syscalls.o
 .debug_info    0x000051d3      0x6ee ..\obj\adc.o
 .debug_info    0x000058c1      0x9a1 ..\obj\usart.o

.debug_abbrev   0x00000000     0x1250
 .debug_abbrev  0x00000000       0xa0 ..\obj\semihosting.o
 .debug_abbrev  0x000000a0      0x180 ..\obj\timer.o
 .debug_abbrev  0x00000220      0x11c ..\obj\stm32f4xx_Startup.o
 .debug_abbrev  0x0000033c      0x157 ..\obj\stm32f4xx_usart.o
 .debug_abbrev  0x00000493      0x1e5 ..\obj\stm32f4xx_rcc.o
 .debug_abbrev  0x00000678       0x6b ..\obj\06_ADC.o
 .debug_abbrev  0x000006e3      0x16f ..\obj\stm32f4xx_adc.o
 .debug_abbrev  0x00000852      0x100 ..\obj\motor.o
 .debug_abbrev  0x00000952      0x137 ..\obj\digitalIO.o
 .debug_abbrev  0x00000a89      0x198 ..\obj\stm32f4xx_gpio.o
 .debug_abbrev  0x00000c21       0x14 ..\obj\sh_cmd.o
 .debug_abbrev  0x00000c35      0x138 ..\obj\system_stm32f4xx.o
 .debug_abbrev  0x00000d6d      0x1de ..\obj\syscalls.o
 .debug_abbrev  0x00000f4b      0x155 ..\obj\adc.o
 .debug_abbrev  0x000010a0      0x1b0 ..\obj\usart.o

.debug_loc      0x00000000     0x23af
 .debug_loc     0x00000000       0xa8 ..\obj\semihosting.o
 .debug_loc     0x000000a8       0xa8 ..\obj\timer.o
 .debug_loc     0x00000150       0x64 ..\obj\stm32f4xx_Startup.o
 .debug_loc     0x000001b4      0x658 ..\obj\stm32f4xx_usart.o
 .debug_loc     0x0000080c      0x97c ..\obj\stm32f4xx_rcc.o
 .debug_loc     0x00001188       0x39 ..\obj\06_ADC.o
 .debug_loc     0x000011c1      0x838 ..\obj\stm32f4xx_adc.o
 .debug_loc     0x000019f9       0x70 ..\obj\motor.o
 .debug_loc     0x00001a69       0xa8 ..\obj\digitalIO.o
 .debug_loc     0x00001b11      0x310 ..\obj\stm32f4xx_gpio.o
 .debug_loc     0x00001e21       0x9c ..\obj\system_stm32f4xx.o
 .debug_loc     0x00001ebd      0x1c0 ..\obj\syscalls.o
 .debug_loc     0x0000207d       0xaa ..\obj\adc.o
 .debug_loc     0x00002127      0x288 ..\obj\usart.o

.debug_aranges  0x00000000      0x698
 .debug_aranges
                0x00000000       0x30 ..\obj\semihosting.o
 .debug_aranges
                0x00000030       0x30 ..\obj\timer.o
 .debug_aranges
                0x00000060       0x28 ..\obj\stm32f4xx_Startup.o
 .debug_aranges
                0x00000088      0x100 ..\obj\stm32f4xx_usart.o
 .debug_aranges
                0x00000188      0x178 ..\obj\stm32f4xx_rcc.o
 .debug_aranges
                0x00000300       0x20 ..\obj\06_ADC.o
 .debug_aranges
                0x00000320      0x148 ..\obj\stm32f4xx_adc.o
 .debug_aranges
                0x00000468       0x28 ..\obj\motor.o
 .debug_aranges
                0x00000490       0x30 ..\obj\digitalIO.o
 .debug_aranges
                0x000004c0       0x88 ..\obj\stm32f4xx_gpio.o
 .debug_aranges
                0x00000548       0x20 ..\obj\sh_cmd.o
 .debug_aranges
                0x00000568       0x30 ..\obj\system_stm32f4xx.o
 .debug_aranges
                0x00000598       0x58 ..\obj\syscalls.o
 .debug_aranges
                0x000005f0       0x30 ..\obj\adc.o
 .debug_aranges
                0x00000620       0x78 ..\obj\usart.o

.debug_ranges   0x00000000      0x598
 .debug_ranges  0x00000000       0x20 ..\obj\semihosting.o
 .debug_ranges  0x00000020       0x20 ..\obj\timer.o
 .debug_ranges  0x00000040       0x18 ..\obj\stm32f4xx_Startup.o
 .debug_ranges  0x00000058       0xf0 ..\obj\stm32f4xx_usart.o
 .debug_ranges  0x00000148      0x168 ..\obj\stm32f4xx_rcc.o
 .debug_ranges  0x000002b0       0x10 ..\obj\06_ADC.o
 .debug_ranges  0x000002c0      0x138 ..\obj\stm32f4xx_adc.o
 .debug_ranges  0x000003f8       0x18 ..\obj\motor.o
 .debug_ranges  0x00000410       0x20 ..\obj\digitalIO.o
 .debug_ranges  0x00000430       0x78 ..\obj\stm32f4xx_gpio.o
 .debug_ranges  0x000004a8       0x20 ..\obj\system_stm32f4xx.o
 .debug_ranges  0x000004c8       0x48 ..\obj\syscalls.o
 .debug_ranges  0x00000510       0x20 ..\obj\adc.o
 .debug_ranges  0x00000530       0x68 ..\obj\usart.o

.debug_line     0x00000000     0x340c
 .debug_line    0x00000000       0xd2 ..\obj\semihosting.o
 .debug_line    0x000000d2      0x3d5 ..\obj\timer.o
 .debug_line    0x000004a7      0x1e1 ..\obj\stm32f4xx_Startup.o
 .debug_line    0x00000688      0x595 ..\obj\stm32f4xx_usart.o
 .debug_line    0x00000c1d      0x68c ..\obj\stm32f4xx_rcc.o
 .debug_line    0x000012a9      0x1ed ..\obj\06_ADC.o
 .debug_line    0x00001496      0x645 ..\obj\stm32f4xx_adc.o
 .debug_line    0x00001adb      0x2e3 ..\obj\motor.o
 .debug_line    0x00001dbe      0x3af ..\obj\digitalIO.o
 .debug_line    0x0000216d      0x430 ..\obj\stm32f4xx_gpio.o
 .debug_line    0x0000259d       0xa8 ..\obj\sh_cmd.o
 .debug_line    0x00002645      0x29e ..\obj\system_stm32f4xx.o
 .debug_line    0x000028e3      0x256 ..\obj\syscalls.o
 .debug_line    0x00002b39      0x38c ..\obj\adc.o
 .debug_line    0x00002ec5      0x547 ..\obj\usart.o

.debug_str      0x00000000     0x2be2
 .debug_str     0x00000000      0x144 ..\obj\semihosting.o
                                0x17d (size before relaxing)
 .debug_str     0x00000144      0x838 ..\obj\timer.o
                                0x91b (size before relaxing)
 .debug_str     0x0000097c      0x136 ..\obj\stm32f4xx_Startup.o
                                0x23c (size before relaxing)
 .debug_str     0x00000ab2      0x4f0 ..\obj\stm32f4xx_usart.o
                                0x68a (size before relaxing)
 .debug_str     0x00000fa2      0x63b ..\obj\stm32f4xx_rcc.o
                                0x842 (size before relaxing)
 .debug_str     0x000015dd       0xc9 ..\obj\06_ADC.o
                                0x1b9 (size before relaxing)
 .debug_str     0x000016a6      0x692 ..\obj\stm32f4xx_adc.o
                                0x7ff (size before relaxing)
 .debug_str     0x00001d38       0x92 ..\obj\motor.o
                                0x1d9 (size before relaxing)
 .debug_str     0x00001dca      0x22b ..\obj\digitalIO.o
                                0x354 (size before relaxing)
 .debug_str     0x00001ff5      0x1fb ..\obj\stm32f4xx_gpio.o
                                0x49e (size before relaxing)
 .debug_str     0x000021f0      0x103 ..\obj\system_stm32f4xx.o
                                0x38c (size before relaxing)
 .debug_str     0x000022f3      0x567 ..\obj\syscalls.o
                                0x6fd (size before relaxing)
 .debug_str     0x0000285a      0x1d6 ..\obj\adc.o
                                0x5fc (size before relaxing)
 .debug_str     0x00002a30      0x1b2 ..\obj\usart.o
                                0xaf0 (size before relaxing)

.comment        0x00000000       0x70
 .comment       0x00000000       0x70 ..\obj\semihosting.o
                                 0x71 (size before relaxing)
 .comment       0x00000000       0x71 ..\obj\timer.o
 .comment       0x00000000       0x71 ..\obj\stm32f4xx_Startup.o
 .comment       0x00000000       0x71 ..\obj\stm32f4xx_usart.o
 .comment       0x00000000       0x71 ..\obj\stm32f4xx_rcc.o
 .comment       0x00000000       0x71 ..\obj\06_ADC.o
 .comment       0x00000000       0x71 ..\obj\stm32f4xx_adc.o
 .comment       0x00000000       0x71 ..\obj\motor.o
 .comment       0x00000000       0x71 ..\obj\digitalIO.o
 .comment       0x00000000       0x71 ..\obj\stm32f4xx_gpio.o
 .comment       0x00000000       0x71 ..\obj\system_stm32f4xx.o
 .comment       0x00000000       0x71 ..\obj\syscalls.o
 .comment       0x00000000       0x71 ..\obj\adc.o
 .comment       0x00000000       0x71 ..\obj\usart.o

.ARM.attributes
                0x00000000       0x39
 .ARM.attributes
                0x00000000       0x3b ..\obj\semihosting.o
 .ARM.attributes
                0x0000003b       0x3b ..\obj\timer.o
 .ARM.attributes
                0x00000076       0x3b ..\obj\stm32f4xx_Startup.o
 .ARM.attributes
                0x000000b1       0x3b ..\obj\stm32f4xx_usart.o
 .ARM.attributes
                0x000000ec       0x3b ..\obj\stm32f4xx_rcc.o
 .ARM.attributes
                0x00000127       0x3b ..\obj\06_ADC.o
 .ARM.attributes
                0x00000162       0x3b ..\obj\stm32f4xx_adc.o
 .ARM.attributes
                0x0000019d       0x3b ..\obj\motor.o
 .ARM.attributes
                0x000001d8       0x3b ..\obj\digitalIO.o
 .ARM.attributes
                0x00000213       0x3b ..\obj\stm32f4xx_gpio.o
 .ARM.attributes
                0x0000024e       0x27 ..\obj\sh_cmd.o
 .ARM.attributes
                0x00000275       0x3b ..\obj\system_stm32f4xx.o
 .ARM.attributes
                0x000002b0       0x3b ..\obj\syscalls.o
 .ARM.attributes
                0x000002eb       0x3b ..\obj\adc.o
 .ARM.attributes
                0x00000326       0x3b ..\obj\usart.o
 .ARM.attributes
                0x00000361       0x36 c:/program files (x86)/gnu tools arm embedded/4.7 2013q3/bin/../lib/gcc/arm-none-eabi/4.7.4/../../../../arm-none-eabi/lib/armv7e-m/fpu\libc.a(lib_a-printf.o)
 .ARM.attributes
                0x00000397       0x36 c:/program files (x86)/gnu tools arm embedded/4.7 2013q3/bin/../lib/gcc/arm-none-eabi/4.7.4/../../../../arm-none-eabi/lib/armv7e-m/fpu\libc.a(lib_a-vfprintf.o)
 .ARM.attributes
                0x000003cd       0x36 c:/program files (x86)/gnu tools arm embedded/4.7 2013q3/bin/../lib/gcc/arm-none-eabi/4.7.4/../../../../arm-none-eabi/lib/armv7e-m/fpu\libc.a(lib_a-wsetup.o)
 .ARM.attributes
                0x00000403       0x36 c:/program files (x86)/gnu tools arm embedded/4.7 2013q3/bin/../lib/gcc/arm-none-eabi/4.7.4/../../../../arm-none-eabi/lib/armv7e-m/fpu\libc.a(lib_a-dtoa.o)
 .ARM.attributes
                0x00000439       0x36 c:/program files (x86)/gnu tools arm embedded/4.7 2013q3/bin/../lib/gcc/arm-none-eabi/4.7.4/../../../../arm-none-eabi/lib/armv7e-m/fpu\libc.a(lib_a-fflush.o)
 .ARM.attributes
                0x0000046f       0x36 c:/program files (x86)/gnu tools arm embedded/4.7 2013q3/bin/../lib/gcc/arm-none-eabi/4.7.4/../../../../arm-none-eabi/lib/armv7e-m/fpu\libc.a(lib_a-findfp.o)
 .ARM.attributes
                0x000004a5       0x36 c:/program files (x86)/gnu tools arm embedded/4.7 2013q3/bin/../lib/gcc/arm-none-eabi/4.7.4/../../../../arm-none-eabi/lib/armv7e-m/fpu\libc.a(lib_a-freer.o)
 .ARM.attributes
                0x000004db       0x36 c:/program files (x86)/gnu tools arm embedded/4.7 2013q3/bin/../lib/gcc/arm-none-eabi/4.7.4/../../../../arm-none-eabi/lib/armv7e-m/fpu\libc.a(lib_a-fwalk.o)
 .ARM.attributes
                0x00000511       0x36 c:/program files (x86)/gnu tools arm embedded/4.7 2013q3/bin/../lib/gcc/arm-none-eabi/4.7.4/../../../../arm-none-eabi/lib/armv7e-m/fpu\libc.a(lib_a-impure.o)
 .ARM.attributes
                0x00000547       0x36 c:/program files (x86)/gnu tools arm embedded/4.7 2013q3/bin/../lib/gcc/arm-none-eabi/4.7.4/../../../../arm-none-eabi/lib/armv7e-m/fpu\libc.a(lib_a-locale.o)
 .ARM.attributes
                0x0000057d       0x36 c:/program files (x86)/gnu tools arm embedded/4.7 2013q3/bin/../lib/gcc/arm-none-eabi/4.7.4/../../../../arm-none-eabi/lib/armv7e-m/fpu\libc.a(lib_a-makebuf.o)
 .ARM.attributes
                0x000005b3       0x36 c:/program files (x86)/gnu tools arm embedded/4.7 2013q3/bin/../lib/gcc/arm-none-eabi/4.7.4/../../../../arm-none-eabi/lib/armv7e-m/fpu\libc.a(lib_a-mallocr.o)
 .ARM.attributes
                0x000005e9       0x36 c:/program files (x86)/gnu tools arm embedded/4.7 2013q3/bin/../lib/gcc/arm-none-eabi/4.7.4/../../../../arm-none-eabi/lib/armv7e-m/fpu\libc.a(lib_a-memchr.o)
 .ARM.attributes
                0x0000061f       0x36 c:/program files (x86)/gnu tools arm embedded/4.7 2013q3/bin/../lib/gcc/arm-none-eabi/4.7.4/../../../../arm-none-eabi/lib/armv7e-m/fpu\libc.a(lib_a-memcpy.o)
 .ARM.attributes
                0x00000655       0x36 c:/program files (x86)/gnu tools arm embedded/4.7 2013q3/bin/../lib/gcc/arm-none-eabi/4.7.4/../../../../arm-none-eabi/lib/armv7e-m/fpu\libc.a(lib_a-memset.o)
 .ARM.attributes
                0x0000068b       0x36 c:/program files (x86)/gnu tools arm embedded/4.7 2013q3/bin/../lib/gcc/arm-none-eabi/4.7.4/../../../../arm-none-eabi/lib/armv7e-m/fpu\libc.a(lib_a-mlock.o)
 .ARM.attributes
                0x000006c1       0x36 c:/program files (x86)/gnu tools arm embedded/4.7 2013q3/bin/../lib/gcc/arm-none-eabi/4.7.4/../../../../arm-none-eabi/lib/armv7e-m/fpu\libc.a(lib_a-mprec.o)
 .ARM.attributes
                0x000006f7       0x36 c:/program files (x86)/gnu tools arm embedded/4.7 2013q3/bin/../lib/gcc/arm-none-eabi/4.7.4/../../../../arm-none-eabi/lib/armv7e-m/fpu\libc.a(lib_a-s_fpclassify.o)
 .ARM.attributes
                0x0000072d       0x36 c:/program files (x86)/gnu tools arm embedded/4.7 2013q3/bin/../lib/gcc/arm-none-eabi/4.7.4/../../../../arm-none-eabi/lib/armv7e-m/fpu\libc.a(lib_a-stdio.o)
 .ARM.attributes
                0x00000763       0x36 c:/program files (x86)/gnu tools arm embedded/4.7 2013q3/bin/../lib/gcc/arm-none-eabi/4.7.4/../../../../arm-none-eabi/lib/armv7e-m/fpu\libc.a(lib_a-strlen.o)
 .ARM.attributes
                0x00000799       0x36 c:/program files (x86)/gnu tools arm embedded/4.7 2013q3/bin/../lib/gcc/arm-none-eabi/4.7.4/../../../../arm-none-eabi/lib/armv7e-m/fpu\libc.a(lib_a-vfiprintf.o)
 .ARM.attributes
                0x000007cf       0x36 c:/program files (x86)/gnu tools arm embedded/4.7 2013q3/bin/../lib/gcc/arm-none-eabi/4.7.4/../../../../arm-none-eabi/lib/armv7e-m/fpu\libc.a(lib_a-callocr.o)
 .ARM.attributes
                0x00000805       0x36 c:/program files (x86)/gnu tools arm embedded/4.7 2013q3/bin/../lib/gcc/arm-none-eabi/4.7.4/../../../../arm-none-eabi/lib/armv7e-m/fpu\libc.a(lib_a-fclose.o)
 .ARM.attributes
                0x0000083b       0x36 c:/program files (x86)/gnu tools arm embedded/4.7 2013q3/bin/../lib/gcc/arm-none-eabi/4.7.4/../../../../arm-none-eabi/lib/armv7e-m/fpu\libc.a(lib_a-fputwc.o)
 .ARM.attributes
                0x00000871       0x36 c:/program files (x86)/gnu tools arm embedded/4.7 2013q3/bin/../lib/gcc/arm-none-eabi/4.7.4/../../../../arm-none-eabi/lib/armv7e-m/fpu\libc.a(lib_a-fvwrite.o)
 .ARM.attributes
                0x000008a7       0x36 c:/program files (x86)/gnu tools arm embedded/4.7 2013q3/bin/../lib/gcc/arm-none-eabi/4.7.4/../../../../arm-none-eabi/lib/armv7e-m/fpu\libc.a(lib_a-isattyr.o)
 .ARM.attributes
                0x000008dd       0x36 c:/program files (x86)/gnu tools arm embedded/4.7 2013q3/bin/../lib/gcc/arm-none-eabi/4.7.4/../../../../arm-none-eabi/lib/armv7e-m/fpu\libc.a(lib_a-memmove.o)
 .ARM.attributes
                0x00000913       0x36 c:/program files (x86)/gnu tools arm embedded/4.7 2013q3/bin/../lib/gcc/arm-none-eabi/4.7.4/../../../../arm-none-eabi/lib/armv7e-m/fpu\libc.a(lib_a-reallocr.o)
 .ARM.attributes
                0x00000949       0x36 c:/program files (x86)/gnu tools arm embedded/4.7 2013q3/bin/../lib/gcc/arm-none-eabi/4.7.4/../../../../arm-none-eabi/lib/armv7e-m/fpu\libc.a(lib_a-reent.o)
 .ARM.attributes
                0x0000097f       0x36 c:/program files (x86)/gnu tools arm embedded/4.7 2013q3/bin/../lib/gcc/arm-none-eabi/4.7.4/../../../../arm-none-eabi/lib/armv7e-m/fpu\libc.a(lib_a-wbuf.o)
 .ARM.attributes
                0x000009b5       0x36 c:/program files (x86)/gnu tools arm embedded/4.7 2013q3/bin/../lib/gcc/arm-none-eabi/4.7.4/../../../../arm-none-eabi/lib/armv7e-m/fpu\libc.a(lib_a-wcrtomb.o)
 .ARM.attributes
                0x000009eb       0x36 c:/program files (x86)/gnu tools arm embedded/4.7 2013q3/bin/../lib/gcc/arm-none-eabi/4.7.4/../../../../arm-none-eabi/lib/armv7e-m/fpu\libc.a(lib_a-wctomb_r.o)
 .ARM.attributes
                0x00000a21       0x24 c:/program files (x86)/gnu tools arm embedded/4.7 2013q3/bin/../lib/gcc/arm-none-eabi/4.7.4/armv7e-m/fpu\libgcc.a(_arm_addsubdf3.o)
 .ARM.attributes
                0x00000a45       0x24 c:/program files (x86)/gnu tools arm embedded/4.7 2013q3/bin/../lib/gcc/arm-none-eabi/4.7.4/armv7e-m/fpu\libgcc.a(_arm_muldivdf3.o)
 .ARM.attributes
                0x00000a69       0x24 c:/program files (x86)/gnu tools arm embedded/4.7 2013q3/bin/../lib/gcc/arm-none-eabi/4.7.4/armv7e-m/fpu\libgcc.a(_arm_cmpdf2.o)
 .ARM.attributes
                0x00000a8d       0x24 c:/program files (x86)/gnu tools arm embedded/4.7 2013q3/bin/../lib/gcc/arm-none-eabi/4.7.4/armv7e-m/fpu\libgcc.a(_arm_fixdfsi.o)
 .ARM.attributes
                0x00000ab1       0x24 c:/program files (x86)/gnu tools arm embedded/4.7 2013q3/bin/../lib/gcc/arm-none-eabi/4.7.4/armv7e-m/fpu\libgcc.a(_aeabi_uldivmod.o)
 .ARM.attributes
                0x00000ad5       0x36 c:/program files (x86)/gnu tools arm embedded/4.7 2013q3/bin/../lib/gcc/arm-none-eabi/4.7.4/armv7e-m/fpu\libgcc.a(bpabi.o)
 .ARM.attributes
                0x00000b0b       0x24 c:/program files (x86)/gnu tools arm embedded/4.7 2013q3/bin/../lib/gcc/arm-none-eabi/4.7.4/armv7e-m/fpu\libgcc.a(_dvmd_tls.o)
 .ARM.attributes
                0x00000b2f       0x36 c:/program files (x86)/gnu tools arm embedded/4.7 2013q3/bin/../lib/gcc/arm-none-eabi/4.7.4/armv7e-m/fpu\libgcc.a(_divdi3.o)
 .ARM.attributes
                0x00000b65       0x36 c:/program files (x86)/gnu tools arm embedded/4.7 2013q3/bin/../lib/gcc/arm-none-eabi/4.7.4/armv7e-m/fpu\libgcc.a(_udivdi3.o)

.debug_frame    0x00000000     0x1fac
 .debug_frame   0x00000000       0x70 ..\obj\semihosting.o
 .debug_frame   0x00000070       0x6c ..\obj\timer.o
 .debug_frame   0x000000dc       0x48 ..\obj\stm32f4xx_Startup.o
 .debug_frame   0x00000124      0x344 ..\obj\stm32f4xx_usart.o
 .debug_frame   0x00000468      0x4d8 ..\obj\stm32f4xx_rcc.o
 .debug_frame   0x00000940       0x3c ..\obj\06_ADC.o
 .debug_frame   0x0000097c      0x434 ..\obj\stm32f4xx_adc.o
 .debug_frame   0x00000db0       0x4c ..\obj\motor.o
 .debug_frame   0x00000dfc       0x70 ..\obj\digitalIO.o
 .debug_frame   0x00000e6c      0x19c ..\obj\stm32f4xx_gpio.o
 .debug_frame   0x00001008       0x64 ..\obj\system_stm32f4xx.o
 .debug_frame   0x0000106c       0xf4 ..\obj\syscalls.o
 .debug_frame   0x00001160       0x70 ..\obj\adc.o
 .debug_frame   0x000011d0      0x188 ..\obj\usart.o
 .debug_frame   0x00001358       0x58 c:/program files (x86)/gnu tools arm embedded/4.7 2013q3/bin/../lib/gcc/arm-none-eabi/4.7.4/../../../../arm-none-eabi/lib/armv7e-m/fpu\libc.a(lib_a-printf.o)
 .debug_frame   0x000013b0       0x80 c:/program files (x86)/gnu tools arm embedded/4.7 2013q3/bin/../lib/gcc/arm-none-eabi/4.7.4/../../../../arm-none-eabi/lib/armv7e-m/fpu\libc.a(lib_a-vfprintf.o)
 .debug_frame   0x00001430       0x2c c:/program files (x86)/gnu tools arm embedded/4.7 2013q3/bin/../lib/gcc/arm-none-eabi/4.7.4/../../../../arm-none-eabi/lib/armv7e-m/fpu\libc.a(lib_a-wsetup.o)
 .debug_frame   0x0000145c       0x64 c:/program files (x86)/gnu tools arm embedded/4.7 2013q3/bin/../lib/gcc/arm-none-eabi/4.7.4/../../../../arm-none-eabi/lib/armv7e-m/fpu\libc.a(lib_a-dtoa.o)
 .debug_frame   0x000014c0       0x40 c:/program files (x86)/gnu tools arm embedded/4.7 2013q3/bin/../lib/gcc/arm-none-eabi/4.7.4/../../../../arm-none-eabi/lib/armv7e-m/fpu\libc.a(lib_a-fflush.o)
 .debug_frame   0x00001500      0x11c c:/program files (x86)/gnu tools arm embedded/4.7 2013q3/bin/../lib/gcc/arm-none-eabi/4.7.4/../../../../arm-none-eabi/lib/armv7e-m/fpu\libc.a(lib_a-findfp.o)
 .debug_frame   0x0000161c       0x50 c:/program files (x86)/gnu tools arm embedded/4.7 2013q3/bin/../lib/gcc/arm-none-eabi/4.7.4/../../../../arm-none-eabi/lib/armv7e-m/fpu\libc.a(lib_a-freer.o)
 .debug_frame   0x0000166c       0x5c c:/program files (x86)/gnu tools arm embedded/4.7 2013q3/bin/../lib/gcc/arm-none-eabi/4.7.4/../../../../arm-none-eabi/lib/armv7e-m/fpu\libc.a(lib_a-fwalk.o)
 .debug_frame   0x000016c8       0xa0 c:/program files (x86)/gnu tools arm embedded/4.7 2013q3/bin/../lib/gcc/arm-none-eabi/4.7.4/../../../../arm-none-eabi/lib/armv7e-m/fpu\libc.a(lib_a-locale.o)
 .debug_frame   0x00001768       0x30 c:/program files (x86)/gnu tools arm embedded/4.7 2013q3/bin/../lib/gcc/arm-none-eabi/4.7.4/../../../../arm-none-eabi/lib/armv7e-m/fpu\libc.a(lib_a-makebuf.o)
 .debug_frame   0x00001798       0x38 c:/program files (x86)/gnu tools arm embedded/4.7 2013q3/bin/../lib/gcc/arm-none-eabi/4.7.4/../../../../arm-none-eabi/lib/armv7e-m/fpu\libc.a(lib_a-mallocr.o)
 .debug_frame   0x000017d0       0x2c c:/program files (x86)/gnu tools arm embedded/4.7 2013q3/bin/../lib/gcc/arm-none-eabi/4.7.4/../../../../arm-none-eabi/lib/armv7e-m/fpu\libc.a(lib_a-memchr.o)
 .debug_frame   0x000017fc       0x30 c:/program files (x86)/gnu tools arm embedded/4.7 2013q3/bin/../lib/gcc/arm-none-eabi/4.7.4/../../../../arm-none-eabi/lib/armv7e-m/fpu\libc.a(lib_a-memcpy.o)
 .debug_frame   0x0000182c       0x2c c:/program files (x86)/gnu tools arm embedded/4.7 2013q3/bin/../lib/gcc/arm-none-eabi/4.7.4/../../../../arm-none-eabi/lib/armv7e-m/fpu\libc.a(lib_a-memset.o)
 .debug_frame   0x00001858       0x30 c:/program files (x86)/gnu tools arm embedded/4.7 2013q3/bin/../lib/gcc/arm-none-eabi/4.7.4/../../../../arm-none-eabi/lib/armv7e-m/fpu\libc.a(lib_a-mlock.o)
 .debug_frame   0x00001888      0x234 c:/program files (x86)/gnu tools arm embedded/4.7 2013q3/bin/../lib/gcc/arm-none-eabi/4.7.4/../../../../arm-none-eabi/lib/armv7e-m/fpu\libc.a(lib_a-mprec.o)
 .debug_frame   0x00001abc       0x20 c:/program files (x86)/gnu tools arm embedded/4.7 2013q3/bin/../lib/gcc/arm-none-eabi/4.7.4/../../../../arm-none-eabi/lib/armv7e-m/fpu\libc.a(lib_a-s_fpclassify.o)
 .debug_frame   0x00001adc       0x80 c:/program files (x86)/gnu tools arm embedded/4.7 2013q3/bin/../lib/gcc/arm-none-eabi/4.7.4/../../../../arm-none-eabi/lib/armv7e-m/fpu\libc.a(lib_a-stdio.o)
 .debug_frame   0x00001b5c       0x20 c:/program files (x86)/gnu tools arm embedded/4.7 2013q3/bin/../lib/gcc/arm-none-eabi/4.7.4/../../../../arm-none-eabi/lib/armv7e-m/fpu\libc.a(lib_a-strlen.o)
 .debug_frame   0x00001b7c       0xa8 c:/program files (x86)/gnu tools arm embedded/4.7 2013q3/bin/../lib/gcc/arm-none-eabi/4.7.4/../../../../arm-none-eabi/lib/armv7e-m/fpu\libc.a(lib_a-vfiprintf.o)
 .debug_frame   0x00001c24       0x28 c:/program files (x86)/gnu tools arm embedded/4.7 2013q3/bin/../lib/gcc/arm-none-eabi/4.7.4/../../../../arm-none-eabi/lib/armv7e-m/fpu\libc.a(lib_a-callocr.o)
 .debug_frame   0x00001c4c       0x3c c:/program files (x86)/gnu tools arm embedded/4.7 2013q3/bin/../lib/gcc/arm-none-eabi/4.7.4/../../../../arm-none-eabi/lib/armv7e-m/fpu\libc.a(lib_a-fclose.o)
 .debug_frame   0x00001c88       0x54 c:/program files (x86)/gnu tools arm embedded/4.7 2013q3/bin/../lib/gcc/arm-none-eabi/4.7.4/../../../../arm-none-eabi/lib/armv7e-m/fpu\libc.a(lib_a-fputwc.o)
 .debug_frame   0x00001cdc       0x38 c:/program files (x86)/gnu tools arm embedded/4.7 2013q3/bin/../lib/gcc/arm-none-eabi/4.7.4/../../../../arm-none-eabi/lib/armv7e-m/fpu\libc.a(lib_a-fvwrite.o)
 .debug_frame   0x00001d14       0x2c c:/program files (x86)/gnu tools arm embedded/4.7 2013q3/bin/../lib/gcc/arm-none-eabi/4.7.4/../../../../arm-none-eabi/lib/armv7e-m/fpu\libc.a(lib_a-isattyr.o)
 .debug_frame   0x00001d40       0x30 c:/program files (x86)/gnu tools arm embedded/4.7 2013q3/bin/../lib/gcc/arm-none-eabi/4.7.4/../../../../arm-none-eabi/lib/armv7e-m/fpu\libc.a(lib_a-memmove.o)
 .debug_frame   0x00001d70       0x38 c:/program files (x86)/gnu tools arm embedded/4.7 2013q3/bin/../lib/gcc/arm-none-eabi/4.7.4/../../../../arm-none-eabi/lib/armv7e-m/fpu\libc.a(lib_a-reallocr.o)
 .debug_frame   0x00001da8       0x6c c:/program files (x86)/gnu tools arm embedded/4.7 2013q3/bin/../lib/gcc/arm-none-eabi/4.7.4/../../../../arm-none-eabi/lib/armv7e-m/fpu\libc.a(lib_a-reent.o)
 .debug_frame   0x00001e14       0x44 c:/program files (x86)/gnu tools arm embedded/4.7 2013q3/bin/../lib/gcc/arm-none-eabi/4.7.4/../../../../arm-none-eabi/lib/armv7e-m/fpu\libc.a(lib_a-wbuf.o)
 .debug_frame   0x00001e58       0x58 c:/program files (x86)/gnu tools arm embedded/4.7 2013q3/bin/../lib/gcc/arm-none-eabi/4.7.4/../../../../arm-none-eabi/lib/armv7e-m/fpu\libc.a(lib_a-wcrtomb.o)
 .debug_frame   0x00001eb0       0x44 c:/program files (x86)/gnu tools arm embedded/4.7 2013q3/bin/../lib/gcc/arm-none-eabi/4.7.4/../../../../arm-none-eabi/lib/armv7e-m/fpu\libc.a(lib_a-wctomb_r.o)
 .debug_frame   0x00001ef4       0x50 c:/program files (x86)/gnu tools arm embedded/4.7 2013q3/bin/../lib/gcc/arm-none-eabi/4.7.4/armv7e-m/fpu\libgcc.a(bpabi.o)
 .debug_frame   0x00001f44       0x34 c:/program files (x86)/gnu tools arm embedded/4.7 2013q3/bin/../lib/gcc/arm-none-eabi/4.7.4/armv7e-m/fpu\libgcc.a(_divdi3.o)
 .debug_frame   0x00001f78       0x34 c:/program files (x86)/gnu tools arm embedded/4.7 2013q3/bin/../lib/gcc/arm-none-eabi/4.7.4/armv7e-m/fpu\libgcc.a(_udivdi3.o)
